#
# There is insufficient memory for the Java Runtime Environment to continue.
# Native memory allocation (mmap) failed to map 264241152 bytes. Error detail: G1 virtual space
# Possible reasons:
#   The system is out of physical RAM or swap space
#   This process is running with CompressedOops enabled, and the Java Heap may be blocking the growth of the native heap
# Possible solutions:
#   Reduce memory load on the system
#   Increase physical memory or swap space
#   Check if swap backing store is full
#   Decrease Java heap size (-Xmx/-Xms)
#   Decrease number of Java threads
#   Decrease Java thread stack sizes (-Xss)
#   Set larger code cache with -XX:ReservedCodeCacheSize=
#   JVM is running with Zero Based Compressed Oops mode in which the Java heap is
#     placed in the first 32GB address space. The Java Heap base address is the
#     maximum limit for the native heap growth. Please use -XX:HeapBaseMinAddress
#     to set the Java Heap base and to place the Java Heap above 32GB virtual address.
# This output file may be truncated or incomplete.
#
#  Out of Memory Error (os_windows.cpp:3713), pid=47596, tid=31332
#
# JRE version:  (21.0.9+10) (build )
# Java VM: OpenJDK 64-Bit Server VM (21.0.9+10-LTS, mixed mode, sharing, tiered, compressed oops, compressed class ptrs, g1 gc, windows-amd64)
# No core dump will be written. Minidumps are not enabled by default on client versions of Windows
#

---------------  S U M M A R Y ------------

Command Line: -Dfile.encoding=UTF-8 -Dstdout.encoding=UTF-8 -Dstderr.encoding=UTF-8 --module-path=C:\Users\CEPL\eclipse-workspace\practice\bin -XX:+ShowCodeDetailsInExceptionMessages -Djdk.module.main=practice practice/demo.Driver

Host: 11th Gen Intel(R) Core(TM) i7-1165G7 @ 2.80GHz, 8 cores, 15G,  Windows 11 , 64 bit Build 26100 (10.0.26100.7623)
Time: Mon Feb  9 16:43:32 2026 India Standard Time elapsed time: 3.035343 seconds (0d 0h 0m 3s)

---------------  T H R E A D  ---------------

Current thread (0x0000015003150370):  JavaThread "Unknown thread" [_thread_in_vm, id=31332, stack(0x0000003b02100000,0x0000003b02200000) (1024K)]

Stack: [0x0000003b02100000,0x0000003b02200000]
Native frames: (J=compiled Java code, j=interpreted, Vv=VM code, C=native code)
V  [jvm.dll+0x6d6e29]
V  [jvm.dll+0x8b4b76]
V  [jvm.dll+0x8b712e]
V  [jvm.dll+0x8b7813]
V  [jvm.dll+0x283d86]
V  [jvm.dll+0x6d3745]
V  [jvm.dll+0x6c747a]
V  [jvm.dll+0x35e7e8]
V  [jvm.dll+0x366426]
V  [jvm.dll+0x3b73fe]
V  [jvm.dll+0x3b76a8]
V  [jvm.dll+0x3329ec]
V  [jvm.dll+0x33353b]
V  [jvm.dll+0x87deeb]
V  [jvm.dll+0x3c4381]
V  [jvm.dll+0x867135]
V  [jvm.dll+0x457391]
V  [jvm.dll+0x458f81]
C  [jli.dll+0x52d0]
C  [ucrtbase.dll+0x37b0]
C  [KERNEL32.DLL+0x2e8d7]
C  [ntdll.dll+0x8c53c]


---------------  P R O C E S S  ---------------

Threads class SMR info:
_java_thread_list=0x00007ffad54c91c8, length=0, elements={
}

Java Threads: ( => current thread )
Total: 0

Other Threads:
  0x0000015005610e60 WorkerThread "GC Thread#0"                     [id=12344, stack(0x0000003b02200000,0x0000003b02300000) (1024K)]
  0x0000015005621850 ConcurrentGCThread "G1 Main Marker"            [id=44904, stack(0x0000003b02300000,0x0000003b02400000) (1024K)]
  0x0000015005623870 WorkerThread "G1 Conc#0"                       [id=34804, stack(0x0000003b02400000,0x0000003b02500000) (1024K)]

[error occurred during error reporting (printing all threads), id 0xc0000005, EXCEPTION_ACCESS_VIOLATION (0xc0000005) at pc=0x00007ffad4bc50d7]
VM state: not at safepoint (not fully initialized)

VM Mutex/Monitor currently owned by a thread:  ([mutex/lock_event])
[0x00007ffad553d670] Heap_lock - owner thread: 0x0000015003150370

Heap address: 0x0000000704e00000, size: 4018 MB, Compressed Oops mode: Zero based, Oop shift amount: 3

CDS archive(s) mapped at: [0x0000000000000000-0x0000000000000000-0x0000000000000000), size 0, SharedBaseAddress: 0x0000000800000000, ArchiveRelocationMode: 1.
Narrow klass base: 0x0000000000000000, Narrow klass shift: 0, Narrow klass range: 0x0

GC Precious Log:
 CardTable entry size: 512
 Card Set container configuration: InlinePtr #cards 4 size 8 Array Of Cards #cards 16 size 48 Howl #buckets 8 coarsen threshold 3686 Howl Bitmap #cards 512 size 80 coarsen threshold 460 Card regions per heap region 1 cards per card region 4096

Heap:
 garbage-first heap   total 0K, used 0K [0x0000000704e00000, 0x0000000800000000)
  region size 2048K, 0 young (0K), 0 survivors (0K)

[error occurred during error reporting (printing heap information), id 0xc0000005, EXCEPTION_ACCESS_VIOLATION (0xc0000005) at pc=0x00007ffad4fb07a9]
GC Heap History (0 events):
No events

Dll operation events (1 events):
Event: 0.007 Loaded shared library C:\Users\CEPL\.p2\pool\plugins\org.eclipse.justj.openjdk.hotspot.jre.full.win32.x86_64_21.0.9.v20251105-0741\jre\bin\java.dll

Deoptimization events (0 events):
No events

Classes loaded (0 events):
No events

Classes unloaded (0 events):
No events

Classes redefined (0 events):
No events

Internal exceptions (0 events):
No events

ZGC Phase Switch (0 events):
No events

VM Operations (0 events):
No events

Memory protections (0 events):
No events

Nmethod flushes (0 events):
No events

Events (0 events):
No events


Dynamic libraries:
0x00007ff78c890000 - 0x00007ff78c89e000 	C:\Users\CEPL\.p2\pool\plugins\org.eclipse.justj.openjdk.hotspot.jre.full.win32.x86_64_21.0.9.v20251105-0741\jre\bin\javaw.exe
0x00007ffbb0360000 - 0x00007ffbb05c7000 	C:\WINDOWS\SYSTEM32\ntdll.dll
0x00007ffbaee20000 - 0x00007ffbaeee9000 	C:\WINDOWS\System32\KERNEL32.DLL
0x00007ffbadd00000 - 0x00007ffbae0ef000 	C:\WINDOWS\System32\KERNELBASE.dll
0x00007ffbad590000 - 0x00007ffbad6db000 	C:\WINDOWS\System32\ucrtbase.dll
0x00007ffb87140000 - 0x00007ffb8715e000 	C:\Users\CEPL\.p2\pool\plugins\org.eclipse.justj.openjdk.hotspot.jre.full.win32.x86_64_21.0.9.v20251105-0741\jre\bin\VCRUNTIME140.dll
0x00007ffb87120000 - 0x00007ffb87138000 	C:\Users\CEPL\.p2\pool\plugins\org.eclipse.justj.openjdk.hotspot.jre.full.win32.x86_64_21.0.9.v20251105-0741\jre\bin\jli.dll
0x00007ffbaf2b0000 - 0x00007ffbaf475000 	C:\WINDOWS\System32\USER32.dll
0x00007ffbad560000 - 0x00007ffbad587000 	C:\WINDOWS\System32\win32u.dll
0x00007ffb8de40000 - 0x00007ffb8e0d3000 	C:\WINDOWS\WinSxS\amd64_microsoft.windows.common-controls_6595b64144ccf1df_6.0.26100.7309_none_3e05feeae336a044\COMCTL32.dll
0x00007ffbae7f0000 - 0x00007ffbae81b000 	C:\WINDOWS\System32\GDI32.dll
0x00007ffbaef80000 - 0x00007ffbaf029000 	C:\WINDOWS\System32\msvcrt.dll
0x00007ffbada90000 - 0x00007ffbadbbc000 	C:\WINDOWS\System32\gdi32full.dll
0x00007ffbadc50000 - 0x00007ffbadcf3000 	C:\WINDOWS\System32\msvcp_win.dll
0x00007ffbaf980000 - 0x00007ffbaf9b1000 	C:\WINDOWS\System32\IMM32.DLL
0x00007ffba7ff0000 - 0x00007ffba7ffc000 	C:\Users\CEPL\.p2\pool\plugins\org.eclipse.justj.openjdk.hotspot.jre.full.win32.x86_64_21.0.9.v20251105-0741\jre\bin\vcruntime140_1.dll
0x00007ffb86ff0000 - 0x00007ffb8707d000 	C:\Users\CEPL\.p2\pool\plugins\org.eclipse.justj.openjdk.hotspot.jre.full.win32.x86_64_21.0.9.v20251105-0741\jre\bin\msvcp140.dll
0x00007ffad4880000 - 0x00007ffad5620000 	C:\Users\CEPL\.p2\pool\plugins\org.eclipse.justj.openjdk.hotspot.jre.full.win32.x86_64_21.0.9.v20251105-0741\jre\bin\server\jvm.dll
0x00007ffbaec40000 - 0x00007ffbaecf4000 	C:\WINDOWS\System32\ADVAPI32.dll
0x00007ffbaf840000 - 0x00007ffbaf8e6000 	C:\WINDOWS\System32\sechost.dll
0x00007ffbaed00000 - 0x00007ffbaee18000 	C:\WINDOWS\System32\RPCRT4.dll
0x00007ffbaf900000 - 0x00007ffbaf974000 	C:\WINDOWS\System32\WS2_32.dll
0x00007ffbad310000 - 0x00007ffbad36e000 	C:\WINDOWS\SYSTEM32\POWRPROF.dll
0x00007ffb9d490000 - 0x00007ffb9d49b000 	C:\WINDOWS\SYSTEM32\VERSION.dll
0x00007ffba4ab0000 - 0x00007ffba4ae5000 	C:\WINDOWS\SYSTEM32\WINMM.dll
0x00007ffbad2f0000 - 0x00007ffbad304000 	C:\WINDOWS\SYSTEM32\UMPDC.dll
0x00007ffbac220000 - 0x00007ffbac23b000 	C:\WINDOWS\SYSTEM32\kernel.appcore.dll
0x00007ffb53190000 - 0x00007ffb5319a000 	C:\Users\CEPL\.p2\pool\plugins\org.eclipse.justj.openjdk.hotspot.jre.full.win32.x86_64_21.0.9.v20251105-0741\jre\bin\jimage.dll
0x00007ffbaa610000 - 0x00007ffbaa852000 	C:\WINDOWS\SYSTEM32\DBGHELP.DLL
0x00007ffbaf490000 - 0x00007ffbaf816000 	C:\WINDOWS\System32\combase.dll
0x00007ffbaf120000 - 0x00007ffbaf1f6000 	C:\WINDOWS\System32\OLEAUT32.dll
0x00007ffb8a010000 - 0x00007ffb8a04c000 	C:\WINDOWS\SYSTEM32\dbgcore.DLL
0x00007ffbad4b0000 - 0x00007ffbad555000 	C:\WINDOWS\System32\bcryptPrimitives.dll
0x00007ffad60a0000 - 0x00007ffad60c0000 	C:\Users\CEPL\.p2\pool\plugins\org.eclipse.justj.openjdk.hotspot.jre.full.win32.x86_64_21.0.9.v20251105-0741\jre\bin\java.dll

JVMTI agents: none

dbghelp: loaded successfully - version: 4.0.5 - missing functions: none
symbol engine: initialized successfully - sym options: 0x614 - pdb path: .;C:\Users\CEPL\.p2\pool\plugins\org.eclipse.justj.openjdk.hotspot.jre.full.win32.x86_64_21.0.9.v20251105-0741\jre\bin;C:\WINDOWS\SYSTEM32;C:\WINDOWS\WinSxS\amd64_microsoft.windows.common-controls_6595b64144ccf1df_6.0.26100.7309_none_3e05feeae336a044;C:\Users\CEPL\.p2\pool\plugins\org.eclipse.justj.openjdk.hotspot.jre.full.win32.x86_64_21.0.9.v20251105-0741\jre\bin\server

VM Arguments:
jvm_args: -Dfile.encoding=UTF-8 -Dstdout.encoding=UTF-8 -Dstderr.encoding=UTF-8 --module-path=C:\Users\CEPL\eclipse-workspace\practice\bin -XX:+ShowCodeDetailsInExceptionMessages -Djdk.module.main=practice 
java_command: practice/demo.Driver
java_class_path (initial): C:\Users\CEPL\eclipse-workspace\practice\lib\postgresql-42.7.9.jar
Launcher Type: SUN_STANDARD

[Global flags]
     intx CICompilerCount                          = 4                                         {product} {ergonomic}
     uint ConcGCThreads                            = 2                                         {product} {ergonomic}
     uint G1ConcRefinementThreads                  = 8                                         {product} {ergonomic}
   size_t G1HeapRegionSize                         = 2097152                                   {product} {ergonomic}
    uintx GCDrainStackTargetSize                   = 64                                        {product} {ergonomic}
   size_t InitialHeapSize                          = 264241152                                 {product} {ergonomic}
   size_t MarkStackSize                            = 4194304                                   {product} {ergonomic}
   size_t MaxHeapSize                              = 4213178368                                {product} {ergonomic}
   size_t MinHeapDeltaBytes                        = 2097152                                   {product} {ergonomic}
   size_t MinHeapSize                              = 8388608                                   {product} {ergonomic}
    uintx NonNMethodCodeHeapSize                   = 5839372                                {pd product} {ergonomic}
    uintx NonProfiledCodeHeapSize                  = 122909434                              {pd product} {ergonomic}
    uintx ProfiledCodeHeapSize                     = 122909434                              {pd product} {ergonomic}
    uintx ReservedCodeCacheSize                    = 251658240                              {pd product} {ergonomic}
     bool SegmentedCodeCache                       = true                                      {product} {ergonomic}
     bool ShowCodeDetailsInExceptionMessages       = true                                   {manageable} {command line}
   size_t SoftMaxHeapSize                          = 4213178368                             {manageable} {ergonomic}
     bool UseCompressedOops                        = true                           {product lp64_product} {ergonomic}
     bool UseG1GC                                  = true                                      {product} {ergonomic}
     bool UseLargePagesIndividualAllocation        = false                                  {pd product} {ergonomic}

Logging:
Log output configuration:
 #0: stdout all=warning uptime,level,tags foldmultilines=false
 #1: stderr all=off uptime,level,tags foldmultilines=false

Release file:
<release file has not been read>
Environment Variables:
JAVA_HOME=C:\Program Files\Java\jdk-21\bin
PATH=C:/Users/CEPL/.p2/pool/plugins/org.eclipse.justj.openjdk.hotspot.jre.full.win32.x86_64_21.0.9.v20251105-0741/jre/bin/server;C:/Users/CEPL/.p2/pool/plugins/org.eclipse.justj.openjdk.hotspot.jre.full.win32.x86_64_21.0.9.v20251105-0741/jre/bin;C:\Program Files\Common Files\Oracle\Java\javapath;C:\WINDOWS\system32;C:\WINDOWS;C:\WINDOWS\System32\Wbem;C:\WINDOWS\System32\WindowsPowerShell\v1.0\;C:\WINDOWS\System32\OpenSSH\;C:\Program Files\nodejs\;C:\ProgramData\chocolatey\bin;C:\Program Files\GitHub CLI\;C:\Program Files (x86)\Windows Kits\10\Windows Performance Toolkit\;C:\Program Files\Microsoft SQL Server\150\Tools\Binn\;C:\Program Files\Microsoft SQL Server\Client SDK\ODBC\170\Tools\Binn\;C:\Program Files\dotnet\;c:\Users\CEPL\AppData\Local\Programs\cursor\resources\app\bin;C:\Program Files\Git\cmd;C:\Program Files\Microsoft VS Code\bin;C:\Program Files\Docker\Docker\resources\bin;C:\Program Files\Java\jdk-21\bin;C:\Users\CEPL\AppData\Local\Programs\Python\Launcher\;C:\Users\CEPL\scoop\shims;C:\Users\CEPL\AppData\Local\Microsoft\WindowsApps;C:\Users\CEPL\AppData\Roaming\npm;C:\Users\CEPL\AppData\Local\Programs\Microsoft VS Code\bin;C:\Users\CEPL\.deno\bin;C:\Users\CEPL\AppData\Local\GitHubDesktop\bin;C:\Users\CEPL\.dotnet\tools;C:\Users\CEPL\AppData\Local\Microsoft\WinGet\Packages\Microsoft.devtunnel_Microsoft.Winget.Source_8wekyb3d8bbwe;C:\Users\CEPL\.lmstudio\bin;C:\Users\CEPL\AppData\Local\Programs\cursor\resources\app\bin;C:\Users\CEPL\Downloads\apache-ant-1.10.15-bin\apache-ant-1.10.15\bin;;C:\WINDOWS\system32;
USERNAME=CEPL
OS=Windows_NT
PROCESSOR_IDENTIFIER=Intel64 Family 6 Model 140 Stepping 1, GenuineIntel
TMP=C:\Users\CEPL\AppData\Local\Temp
TEMP=C:\Users\CEPL\AppData\Local\Temp




Periodic native trim disabled

---------------  S Y S T E M  ---------------

OS:
 Windows 11 , 64 bit Build 26100 (10.0.26100.7623)
OS uptime: 7 days 1:40 hours
Hyper-V role detected

CPU: total 8 (initial active 8) (4 cores per cpu, 2 threads per core) family 6 model 140 stepping 1 microcode 0xbc, cx8, cmov, fxsr, ht, mmx, 3dnowpref, sse, sse2, sse3, ssse3, sse4.1, sse4.2, popcnt, lzcnt, tsc, tscinvbit, avx, avx2, aes, erms, clmul, bmi1, bmi2, adx, avx512f, avx512dq, avx512cd, avx512bw, avx512vl, sha, fma, vzeroupper, avx512_vpopcntdq, avx512_vpclmulqdq, avx512_vaes, avx512_vnni, clflush, clflushopt, clwb, avx512_vbmi2, avx512_vbmi, hv, rdtscp, rdpid, fsrm, gfni, avx512_bitalg, f16c, cet_ibt, cet_ss, avx512_ifma
Processor Information for the first 8 processors :
  Max Mhz: 2803, Current Mhz: 2803, Mhz Limit: 2803

Memory: 4k page, system-wide physical 16064M (906M free)
TotalPageFile size 65216M (AvailPageFile size 38M)
current process WorkingSet (physical memory assigned to process): 12M, peak: 12M
current process commit charge ("private bytes"): 60M, peak: 312M

vm_info: OpenJDK 64-Bit Server VM (21.0.9+10-LTS) for windows-amd64 JRE (21.0.9+10-LTS), built on 2025-10-21T00:00:00Z by "admin" with unknown MS VC++:1942

END.
